=== VIBEHUB FEATURE VERIFICATION ===
[TEST 1] Creating temporary test user: verify_1773270289435@gmail.com
Γ£à Authentication successful. User ID: a1561307-c0ef-4f41-bcfc-dec75efac2b3

[TEST 2] Fetching timeline posts...
Γ£à Successfully fetched 5 posts from timeline.

[TEST 3] Creating a new post...

ΓÜá∩╕Å Skipping reaction and comment tests because post creation failed.

=== VERIFICATION COMPLETE ===
